// Jest Snapshot v1, https://goo.gl/fbAQLP

exports[`<Price> render 1`] = `
<p
  className="price"
>
  0.1 â‚¬
</p>
`;
