// Jest Snapshot v1, https://goo.gl/fbAQLP

exports[`<Header> when {dishes} 1`] = `
<div
  className="header"
>
  <img
    alt=""
    className="cart"
    onClick={[Function]}
    src=""
  />
  <p
    className="number"
  >
    0
  </p>
</div>
`;
